[?7h[40m[2J[1C[0;36mлллллллпппппппппппппппппппппп [1;30mппллл [0;36mпппппппппппппппппппппппппппппппппппллллллл
 пппппппп [1;30mВВллллл ВВллллл ВВлллл Влл Влл ВВллллл ВВлллл ВВллллл ВВлллл [0;36mпппппппп
 лллллллл [1;30mВлллллл Влллллл Вллл п ллл ллл Влллллл Вллл п Вллпллл Вллл п [0;36mлллллллл
 лллллллл [1;30mллл ллл ллл ллл ллллл  ллл ллл ллл ллл ллллл  ллллллл лллллл [0;36mлллллллл
 лллллллл [1;30mллллллл ллл ллл лллл м ллл ллл ллл ллл лллл м ллл лл  м лллл [0;36mлллллллл
 мммммммм [1;30mлллллВл ллл лВл лллллВ лпл лпл ллл лВл лллллВ лВл ллВ лллллА [0;36mмммммммм
 [1;30mФФФФФФФФФФФФФФФФ [0;36mФФФФФФФФФФФФ[1mФФФФФФФФФ[37mФФ[36mФФФФФФФФФ[0;36mФФФФФФФФФФФФФ [1;30mФФФФФФФФФФФФФФФ%LF
